Based on a forensic comparison between your **ODP Validation Report v9** and the actual training scripts (`src/rational_bitnet.py`, `training/train.py`), there are **three fundamental disconnects**.

You are essentially training a "Legacy V1" version of the model that the ODP report has already marked as deprecated or suboptimal.

### **1. The "Smoking Gun": You Are Using the "Hardware Killer"**

  * **The Code (`src/rational_bitnet.py`):**
    Your implementation of `RationalRMSNorm` and `RationalSiLU` explicitly uses the **Babylonian Method** for square roots.

    ```python
    # src/rational_bitnet.py
    def _babylonian_rsqrt(self, x: torch.Tensor) -> torch.Tensor:
        # ...
        for _ in range(self.n_iterations):
            y = (y + x_safe / y_clamped) * half  # DIVISION IN LOOP
    ```

  * **The Report (`odp_validation_report_v9.md`):**
    Section 3.3.16 explicitly labels this method as a **"Hardware Killer"** because it puts division inside the loop.

    > *"Babylonian Method is a Hardware Killer... 12-25x slower than Newton-Raphson... DEPRECATED."*

  * **The Fix:** You must rip out `_babylonian_rsqrt` and replace it with the **ODP-Discovered Newton-Raphson** iteration found in the report:
    $$y_{new} = y \cdot (1.5 - 0.5 \cdot x \cdot y^2)$$
    This uses **zero divisions** in the loop, which is critical for the speedups claimed in the report.

### **2. You Are "Imitating" Instead of "Evolving"**

  * **The Code:**
    Your `RationalSiLU` is a fixed, hand-tuned algebraic approximation:
    $$\sigma(x) \approx 0.5 \cdot (1 + \frac{x/k}{\sqrt{1 + (x/k)^2}})$$
    This is "Imitation Mode"—trying to mathematically copy SiLU.

  * **The Report:**
    Section 3.3.8 calls this suboptimal. It champions **"Evolution Mode"** (Learnable Rational Activation). The report shows that when coefficients are allowed to evolve (`P(x)/Q(x)`), the network discovers an activation function that is *significantly different* from GELU/SiLU (drift of 1.23) because it adapts to the "native physics" of the integer lattice.

  * **The Fix:** The training script should initialize with a rational approximation but set `requires_grad=True` for the polynomial coefficients, allowing the network to discover its own optimal activation function.

### **3. You Are Paying the "Emulation Tax"**

  * **The Code:**
    Your model is implemented in pure PyTorch (`src/rational_bitnet.py`).
  * **The Report:**
    Section 3.3.11 warns that pure PyTorch implementations of rational ops are **slower** than standard ops due to the "Emulation Tax" (memory bandwidth overhead from many small kernels). The report states that **Triton Kernels** are required to realize the claimed 6-30x speedups.
  * **The Implication:** While training will work, your current codebase will likely be *slower* than a standard Transformer, contradicting the "efficiency" goals of the project until you integrate the Triton kernels.

### **Summary of Corrections Needed**

| Feature | Current Code (`src/`) | ODP Report Requirement | Severity |
| :--- | :--- | :--- | :--- |
| **Square Root** | Babylonian (Division heavy) | **Newton-Raphson** (Multiplication only) | 🔴 **Critical** |
| **Activation** | Fixed Algebraic SiLU | **Learnable Rational** ($P(x)/Q(x)$) | 🟠 Major |
| **Attention** | $O(N^2)$ Polynomial Softmax | **Rational Kernel** (Linear Attention) | 🟡 Arch. Choice |
| **Kernels** | Pure PyTorch | **Fused Triton** | 🟡 Perf. Only |

**Recommendation:** Before launching the full 100k step training run, you should patch `src/rational_bitnet.py` to use the **Newton-Raphson** update rule. Otherwise, you are validating a method you have already proven to be inferior.